// Jest Snapshot v1, https://goo.gl/fbAQLP

exports[`loads 1`] = `
<MuiThemeProvider
  muiTheme={
    Object {
      "appBar": Object {
        "color": "#333",
        "height": 64,
        "padding": 24,
        "textColor": "#ffffff",
        "titleFontWeight": 400,
      },
      "avatar": Object {
        "backgroundColor": "rgb(188, 188, 188)",
        "color": "#ffffff",
      },
      "badge": Object {
        "color": "#ffffff",
        "fontWeight": 500,
        "primaryColor": "#333",
        "primaryTextColor": "#ffffff",
        "secondaryColor": "#30aabc",
        "secondaryTextColor": "#ffffff",
        "textColor": "#555",
      },
      "baseTheme": Object {
        "fontFamily": "-apple-system, BlinkMacSystemFont, \\"Segoe UI\\", Helvetica, Arial, sans-serif, \\"Apple Color Emoji\\", \\"Segoe UI Emoji\\", \\"Segoe UI Symbol\\"",
        "palette": Object {
          "accent1Color": "#30aabc",
          "accent2Color": "#f5f5f5",
          "accent3Color": "#9e9e9e",
          "alternateTextColor": "#ffffff",
          "borderColor": "#e0e0e0",
          "canvasColor": "#ffffff",
          "clockCircleColor": "rgba(0, 0, 0, 0.07)",
          "disabledColor": "rgba(0, 0, 0, 0.3)",
          "pickerHeaderColor": "#00bcd4",
          "primary1Color": "#333",
          "primary2Color": "#0097a7",
          "primary3Color": "#bdbdbd",
          "secondaryTextColor": "rgba(0, 0, 0, 0.54)",
          "shadowColor": "rgba(0, 0, 0, 1)",
          "textColor": "#555",
        },
        "spacing": Object {
          "desktopDrawerMenuItemHeight": 48,
          "desktopDropDownMenuFontSize": 15,
          "desktopDropDownMenuItemHeight": 32,
          "desktopGutter": 24,
          "desktopGutterLess": 16,
          "desktopGutterMini": 8,
          "desktopGutterMore": 32,
          "desktopKeylineIncrement": 64,
          "desktopSubheaderHeight": 48,
          "desktopToolbarHeight": 56,
          "iconSize": 24,
        },
      },
      "borderRadius": 2,
      "bottomNavigation": Object {
        "backgroundColor": "#ffffff",
        "height": 56,
        "selectedColor": "#333",
        "selectedFontSize": 14,
        "unselectedColor": "rgba(85, 85, 85, 0.54)",
        "unselectedFontSize": 12,
      },
      "button": Object {
        "height": 36,
        "iconButtonSize": 48,
        "minWidth": 88,
      },
      "card": Object {
        "fontWeight": 500,
        "subtitleColor": "rgba(85, 85, 85, 0.54)",
        "titleColor": "rgba(85, 85, 85, 0.87)",
      },
      "cardMedia": Object {
        "color": "rgba(255, 255, 255, 0.87)",
        "overlayContentBackground": "rgba(0, 0, 0, 0.54)",
        "subtitleColor": "rgba(255, 255, 255, 0.54)",
        "titleColor": "rgba(255, 255, 255, 0.87)",
      },
      "cardText": Object {
        "textColor": "#555",
      },
      "checkbox": Object {
        "boxColor": "#555",
        "checkedColor": "#333",
        "disabledColor": "rgba(0, 0, 0, 0.3)",
        "labelColor": "#555",
        "labelDisabledColor": "rgba(0, 0, 0, 0.3)",
        "requiredColor": "#333",
      },
      "chip": Object {
        "backgroundColor": "rgb(224, 224, 224)",
        "deleteIconColor": "rgba(85, 85, 85, 0.26)",
        "fontSize": 14,
        "fontWeight": 400,
        "shadow": "0 1px 6px rgba(0, 0, 0, 0.12),
        0 1px 4px rgba(0, 0, 0, 0.12)",
        "textColor": "rgba(85, 85, 85, 0.87)",
      },
      "datePicker": Object {
        "calendarTextColor": "#555",
        "calendarYearBackgroundColor": "#ffffff",
        "color": "#333",
        "headerColor": "#00bcd4",
        "selectColor": "#0097a7",
        "selectTextColor": "#ffffff",
        "textColor": "#ffffff",
      },
      "dialog": Object {
        "bodyColor": "rgba(85, 85, 85, 0.6)",
        "bodyFontSize": 16,
        "titleFontSize": 22,
      },
      "drawer": Object {
        "color": "#ffffff",
        "width": 256,
      },
      "dropDownMenu": Object {
        "accentColor": "#e0e0e0",
      },
      "enhancedButton": Object {
        "tapHighlightColor": "rgba(0, 0, 0, 0)",
      },
      "flatButton": Object {
        "buttonFilterColor": "#999999",
        "color": "rgba(0, 0, 0, 0)",
        "disabledTextColor": "rgba(85, 85, 85, 0.3)",
        "fontSize": 14,
        "fontWeight": 500,
        "primaryTextColor": "#333",
        "secondaryTextColor": "#30aabc",
        "textColor": "#555",
      },
      "floatingActionButton": Object {
        "buttonSize": 56,
        "color": "#333",
        "disabledColor": "rgb(224, 224, 224)",
        "disabledTextColor": "rgba(0, 0, 0, 0.3)",
        "iconColor": "#ffffff",
        "miniSize": 40,
        "secondaryColor": "#30aabc",
        "secondaryIconColor": "#ffffff",
      },
      "fontFamily": "-apple-system, BlinkMacSystemFont, \\"Segoe UI\\", Helvetica, Arial, sans-serif, \\"Apple Color Emoji\\", \\"Segoe UI Emoji\\", \\"Segoe UI Symbol\\"",
      "gridTile": Object {
        "textColor": "#ffffff",
      },
      "icon": Object {
        "backgroundColor": "#333",
        "color": "#ffffff",
      },
      "inkBar": Object {
        "backgroundColor": "#30aabc",
      },
      "isRtl": false,
      "listItem": Object {
        "leftIconColor": "#757575",
        "nestedLevelDepth": 18,
        "rightIconColor": "#757575",
        "secondaryTextColor": "rgba(0, 0, 0, 0.54)",
      },
      "menu": Object {
        "backgroundColor": "#ffffff",
        "containerBackgroundColor": "#ffffff",
      },
      "menuItem": Object {
        "dataHeight": 32,
        "height": 48,
        "hoverColor": "rgba(85, 85, 85, 0.1)",
        "padding": 24,
        "rightIconDesktopFill": "#757575",
        "selectedTextColor": "#30aabc",
      },
      "menuSubheader": Object {
        "borderColor": "#e0e0e0",
        "padding": 24,
        "textColor": "#333",
      },
      "overlay": Object {
        "backgroundColor": "rgba(0, 0, 0, 0.54)",
      },
      "palette": Object {
        "accent1Color": "#30aabc",
        "accent2Color": "#f5f5f5",
        "accent3Color": "#9e9e9e",
        "alternateTextColor": "#ffffff",
        "borderColor": "#e0e0e0",
        "canvasColor": "#ffffff",
        "clockCircleColor": "rgba(0, 0, 0, 0.07)",
        "disabledColor": "rgba(0, 0, 0, 0.3)",
        "pickerHeaderColor": "#00bcd4",
        "primary1Color": "#333",
        "primary2Color": "#0097a7",
        "primary3Color": "#bdbdbd",
        "secondaryTextColor": "rgba(0, 0, 0, 0.54)",
        "shadowColor": "rgba(0, 0, 0, 1)",
        "textColor": "#555",
      },
      "paper": Object {
        "backgroundColor": "#ffffff",
        "color": "#555",
        "zDepthShadows": Array [
          "0 1px 6px rgba(0, 0, 0, 0.12),
         0 1px 4px rgba(0, 0, 0, 0.12)",
          "0 3px 10px rgba(0, 0, 0, 0.16),
         0 3px 10px rgba(0, 0, 0, 0.23)",
          "0 10px 30px rgba(0, 0, 0, 0.19),
         0 6px 10px rgba(0, 0, 0, 0.23)",
          "0 14px 45px rgba(0, 0, 0, 0.25),
         0 10px 18px rgba(0, 0, 0, 0.22)",
          "0 19px 60px rgba(0, 0, 0, 0.3),
         0 15px 20px rgba(0, 0, 0, 0.22)",
        ],
      },
      "prepareStyles": [Function],
      "radioButton": Object {
        "backgroundColor": "#ffffff",
        "borderColor": "#555",
        "checkedColor": "#333",
        "disabledColor": "rgba(0, 0, 0, 0.3)",
        "labelColor": "#555",
        "labelDisabledColor": "rgba(0, 0, 0, 0.3)",
        "requiredColor": "#333",
        "size": 24,
      },
      "raisedButton": Object {
        "color": "#ffffff",
        "disabledColor": "rgb(229, 229, 229)",
        "disabledTextColor": "rgba(85, 85, 85, 0.3)",
        "fontSize": 14,
        "fontWeight": 500,
        "primaryColor": "#333",
        "primaryTextColor": "#ffffff",
        "secondaryColor": "#30aabc",
        "secondaryTextColor": "#ffffff",
        "textColor": "#555",
      },
      "rawTheme": Object {
        "fontFamily": "-apple-system, BlinkMacSystemFont, \\"Segoe UI\\", Helvetica, Arial, sans-serif, \\"Apple Color Emoji\\", \\"Segoe UI Emoji\\", \\"Segoe UI Symbol\\"",
        "palette": Object {
          "accent1Color": "#30aabc",
          "accent2Color": "#f5f5f5",
          "accent3Color": "#9e9e9e",
          "alternateTextColor": "#ffffff",
          "borderColor": "#e0e0e0",
          "canvasColor": "#ffffff",
          "clockCircleColor": "rgba(0, 0, 0, 0.07)",
          "disabledColor": "rgba(0, 0, 0, 0.3)",
          "pickerHeaderColor": "#00bcd4",
          "primary1Color": "#333",
          "primary2Color": "#0097a7",
          "primary3Color": "#bdbdbd",
          "secondaryTextColor": "rgba(0, 0, 0, 0.54)",
          "shadowColor": "rgba(0, 0, 0, 1)",
          "textColor": "#555",
        },
        "spacing": Object {
          "desktopDrawerMenuItemHeight": 48,
          "desktopDropDownMenuFontSize": 15,
          "desktopDropDownMenuItemHeight": 32,
          "desktopGutter": 24,
          "desktopGutterLess": 16,
          "desktopGutterMini": 8,
          "desktopGutterMore": 32,
          "desktopKeylineIncrement": 64,
          "desktopSubheaderHeight": 48,
          "desktopToolbarHeight": 56,
          "iconSize": 24,
        },
      },
      "refreshIndicator": Object {
        "loadingStrokeColor": "#333",
        "strokeColor": "#e0e0e0",
      },
      "ripple": Object {
        "color": "rgba(85, 85, 85, 0.87)",
      },
      "slider": Object {
        "handleColorZero": "#bdbdbd",
        "handleFillColor": "#ffffff",
        "handleSize": 12,
        "handleSizeActive": 18,
        "handleSizeDisabled": 8,
        "rippleColor": "#333",
        "selectionColor": "#333",
        "trackColor": "#bdbdbd",
        "trackColorSelected": "#9e9e9e",
        "trackSize": 2,
      },
      "snackbar": Object {
        "actionColor": "#30aabc",
        "backgroundColor": "#555",
        "textColor": "#ffffff",
      },
      "spacing": Object {
        "desktopDrawerMenuItemHeight": 48,
        "desktopDropDownMenuFontSize": 15,
        "desktopDropDownMenuItemHeight": 32,
        "desktopGutter": 24,
        "desktopGutterLess": 16,
        "desktopGutterMini": 8,
        "desktopGutterMore": 32,
        "desktopKeylineIncrement": 64,
        "desktopSubheaderHeight": 48,
        "desktopToolbarHeight": 56,
        "iconSize": 24,
      },
      "stepper": Object {
        "backgroundColor": "transparent",
        "connectorLineColor": "#bdbdbd",
        "disabledTextColor": "rgba(0, 0, 0, 0.26)",
        "hoverBackgroundColor": "rgba(0, 0, 0, 0.06)",
        "hoveredIconColor": "#616161",
        "iconColor": "#333",
        "inactiveIconColor": "#9e9e9e",
        "textColor": "rgba(0, 0, 0, 0.87)",
      },
      "subheader": Object {
        "color": "rgba(85, 85, 85, 0.54)",
        "fontWeight": 500,
      },
      "svgIcon": Object {
        "color": "#555",
      },
      "table": Object {
        "backgroundColor": "#ffffff",
      },
      "tableFooter": Object {
        "borderColor": "#e0e0e0",
        "textColor": "#9e9e9e",
      },
      "tableHeader": Object {
        "borderColor": "#e0e0e0",
      },
      "tableHeaderColumn": Object {
        "height": 56,
        "spacing": 24,
        "textColor": "#9e9e9e",
      },
      "tableRow": Object {
        "borderColor": "#e0e0e0",
        "height": 48,
        "hoverColor": "#f5f5f5",
        "selectedColor": "#e0e0e0",
        "stripeColor": "rgba(153, 153, 153, 0.4)",
        "textColor": "#555",
      },
      "tableRowColumn": Object {
        "height": 48,
        "spacing": 24,
      },
      "tabs": Object {
        "backgroundColor": "#333",
        "selectedTextColor": "#ffffff",
        "textColor": "rgba(255, 255, 255, 0.7)",
      },
      "textField": Object {
        "backgroundColor": "transparent",
        "borderColor": "#e0e0e0",
        "disabledTextColor": "rgba(0, 0, 0, 0.3)",
        "errorColor": "#f44336",
        "floatingLabelColor": "rgba(0, 0, 0, 0.3)",
        "focusColor": "#333",
        "hintColor": "rgba(0, 0, 0, 0.3)",
        "textColor": "#555",
      },
      "timePicker": Object {
        "accentColor": "#333",
        "clockCircleColor": "rgba(0, 0, 0, 0.07)",
        "clockColor": "#555",
        "color": "#ffffff",
        "headerColor": "#00bcd4",
        "selectColor": "#0097a7",
        "selectTextColor": "#ffffff",
        "textColor": "#ffffff",
      },
      "toggle": Object {
        "labelColor": "#555",
        "labelDisabledColor": "rgba(0, 0, 0, 0.3)",
        "thumbDisabledColor": "#e0e0e0",
        "thumbOffColor": "#f5f5f5",
        "thumbOnColor": "#333",
        "thumbRequiredColor": "#333",
        "trackDisabledColor": "#bdbdbd",
        "trackOffColor": "#bdbdbd",
        "trackOnColor": "rgba(51, 51, 51, 0.5)",
        "trackRequiredColor": "rgba(51, 51, 51, 0.5)",
      },
      "toolbar": Object {
        "backgroundColor": "rgb(232, 232, 232)",
        "color": "rgba(85, 85, 85, 0.54)",
        "height": 56,
        "hoverColor": "rgba(85, 85, 85, 0.87)",
        "iconColor": "rgba(85, 85, 85, 0.4)",
        "menuHoverColor": "rgba(85, 85, 85, 0.1)",
        "separatorColor": "rgba(85, 85, 85, 0.175)",
        "titleFontSize": 20,
      },
      "tooltip": Object {
        "color": "#ffffff",
        "opacity": 0.9,
        "rippleBackgroundColor": "#616161",
      },
      "userAgent": undefined,
      "zIndex": Object {
        "appBar": 1100,
        "dialog": 1500,
        "dialogOverlay": 1400,
        "drawer": 1300,
        "drawerOverlay": 1200,
        "layer": 2000,
        "menu": 1000,
        "popover": 2100,
        "snackbar": 2900,
        "tooltip": 3000,
      },
    }
  }
>
  <div>
    <Header
      currentUser={
        Object {
          "email": "volunteer@example.com",
          "id": "1",
          "isAdmin": true,
          "name": "Craig Day",
          "office": Object {
            "id": "1",
            "identifier": "san_francisco",
            "name": "San Francisco",
          },
          "photo": "https://example.com/photo.jpg",
          "team": null,
        }
      }
      handleOfficeSelect={[Function]}
      offices={Array []}
      popover={
        Object {
          "anchorEl": null,
          "data": null,
          "type": "user",
        }
      }
      togglePopover={[Function]}
    />
  </div>
</MuiThemeProvider>
`;
