// Jest Snapshot v1, https://goo.gl/fbAQLP

exports[`loads 1`] = `
<Layout
  currentPath="/"
>
  <ForwardRef
    components={
      Object {
        "event": [Function],
        "toolbar": [Function],
      }
    }
    eventPropGetter={[Function]}
    events={Array []}
    localizer={
      DateLocalizer {
        "format": [Function],
        "formats": Object {
          "agendaDateFormat": "ddd MMM DD",
          "agendaHeaderFormat": [Function],
          "agendaTimeFormat": "LT",
          "agendaTimeRangeFormat": [Function],
          "dateFormat": "DD",
          "dayFormat": "DD ddd",
          "dayHeaderFormat": "dddd MMM DD",
          "dayRangeHeaderFormat": [Function],
          "eventTimeRangeEndFormat": [Function],
          "eventTimeRangeFormat": [Function],
          "eventTimeRangeStartFormat": [Function],
          "monthHeaderFormat": "MMMM YYYY",
          "selectRangeFormat": [Function],
          "timeGutterFormat": "LT",
          "weekdayFormat": "ddd",
        },
        "propType": [Function],
        "startOfWeek": [Function],
      }
    }
    onNavigate={[Function]}
    onSelectEvent={[Function]}
    popup={true}
    style={
      Object {
        "paddingBottom": 20,
      }
    }
    views={
      Array [
        "month",
      ]
    }
  />
</Layout>
`;
